install node js and 
install cf cli

D:\pcf-dev\pivotal-cloud-foundry-developer-student-files_v1.7.d>run.cmd
http://localhost:3000

This has whole slides and lab

C:\Users\Administrator>cf
cf version 6.32.0+0191c33d9.2017-09-26, Cloud Foundry command line tool
Usage: cf [global options] command [arguments...] [command options]

Before getting started:
  config    login,l      target,t
  help,h    logout,lo

Application lifecycle:
  apps,a        run-task,rt    events
  push,p        logs           set-env,se
  start,st      ssh            create-app-manifest
  stop,sp       app
  restart,rs    env,e
  restage,rg    scale

Services integration:
  marketplace,m        create-user-provided-service,cups
  services,s           update-user-provided-service,uups
  create-service,cs    create-service-key,csk
  update-service       delete-service-key,dsk
  delete-service,ds    service-keys,sk
  service              service-key
  bind-service,bs      bind-route-service,brs
  unbind-service,us    unbind-route-service,urs

Route and domain management:
  routes,r        delete-route    create-domain
  domains         map-route
  create-route    unmap-route

Space management:
  spaces         create-space    set-space-role
  space-users    delete-space    unset-space-role

Org management:
  orgs,o       set-org-role
  org-users    unset-org-role

CLI plugin management:
  plugins           add-plugin-repo      repo-plugins
  install-plugin    list-plugin-repos

Commands offered by installed plugins:

Global options:
  --help, -h                         Show help
  -v                                 Print API request diagnostics to stdout

Use 'cf help -a' to see all commands.

C:\Users\Administrator>cf login --help
NAME:
   login - Log user in

USAGE:
   cf login [-a API_URL] [-u USERNAME] [-p PASSWORD] [-o ORG] [-s SPACE] [--sso | --sso-passcode PASSCODE]

WARNING:
   Providing your password as a command line option is highly discouraged
   Your password may be visible to others and may be recorded in your shell history

EXAMPLES:
   cf login (omit username and password to login interactively -- cf will prompt for both)
   cf login -u name@example.com -p pa55woRD (specify username and password as arguments)
   cf login -u name@example.com -p "my password" (use quotes for passwords with a space)
   cf login -u name@example.com -p "\"password\"" (escape quotes if used in password)
   cf login --sso (cf will provide a url to obtain a one-time passcode to login)

ALIAS:
   l

OPTIONS:
   -a                         API endpoint (e.g. https://api.example.com)
   -o                         Org
   -p                         Password
   -s                         Space
   --skip-ssl-validation      Skip verification of the API endpoint. Not recommended!
   --sso                      Prompt for a one-time passcode to login
   --sso-passcode             One-time passcode
   -u                         Username

SEE ALSO:
   api, auth, target

--create account with run.pivotal.io (XXXXXX@mail.com, XXXX)

D:\my-work\demo-apps\node>cf login -a api.run.pivotal.io
API endpoint: api.run.pivotal.io

Email> XXXXX@mail.com

Password>
Authenticating...
OK

Targeted org XXXXX-org

Targeted space development



API endpoint:   https://api.run.pivotal.io (API version: 2.98.0)
User:           XXXXX@mail.com
Org:            XXXXX-org
Space:          development

D:\my-work\demo-apps\node>cf target
api endpoint:   https://api.run.pivotal.io
api version:    2.98.0
user:           XXXXXXX@mail.com
org:            XXXXXXX-org
space:          development

D:\my-work\demo-apps\node>cf push node --random-route -m 128M
Creating app node in org XXXXXX-org / space development as XXXXXX@mail.com...
OK

Creating route node-illegitimate-furler.cfapps.io...
OK

Binding node-illegitimate-furler.cfapps.io to node...
OK

Uploading node...
Uploading app files from: D:\my-work\demo-apps\node
Uploading 561B, 3 files
Done uploading
OK

Starting app node in org XXXXXX-org / space development as XXXXXX@mail.com...
Downloading binary_buildpack...
Successfully created container
Downloading java_buildpack...
Downloading go_buildpack...
Downloading nodejs_buildpack...
Downloading ruby_buildpack...
Downloaded java_buildpack
Downloading staticfile_buildpack...
Downloaded nodejs_buildpack
Downloading dotnet_core_buildpack...
Downloaded ruby_buildpack
Downloading python_buildpack...
Downloaded go_buildpack
Downloading php_buildpack...
Downloaded dotnet_core_buildpack
Downloading dotnet_core_buildpack_beta...
Downloaded python_buildpack
Downloaded staticfile_buildpack
Downloaded php_buildpack
Downloaded dotnet_core_buildpack_beta
Downloaded binary_buildpack
Creating container
Downloading app package...
Downloaded app package (561B)
-----> Nodejs Buildpack version 1.6.10
-----> Installing binaries
       engines.node (package.json): unspecified
       engines.npm (package.json): unspecified (use default)
       **WARNING** Node version not specified in package.json. See: http://docs.cloudfoundry.org/buildpacks/node/node-tips.html
-----> Installing node 4.8.5
       Copy [/tmp/buildpacks/c68efbc00b950e0c40d4268f1b1608cc/dependencies/1ac13b5c5721250626ec9446e071d0d8/node-4.8.5-linux-x64-cf014b1d.tgz]
       Using default npm version: 2.15.11
-----> Installing yarn 1.2.1
       Copy [/tmp/buildpacks/c68efbc00b950e0c40d4268f1b1608cc/dependencies/614d352cc928df75216af09d3a3807d0/yarn-v1.2.1-a16106e2.tar.gz]
       Installed yarn 1.2.1
-----> Creating runtime environment
       PRO TIP: It is recommended to vendor the application's Node.js dependencies
       Visit http://docs.cloudfoundry.org/buildpacks/node/index.html#vendoring
       NODE_ENV=production
       NODE_HOME=/tmp/contents532462963/deps/0/node
       NODE_MODULES_CACHE=true
       NODE_VERBOSE=false
       NPM_CONFIG_LOGLEVEL=error
       NPM_CONFIG_PRODUCTION=true
-----> Restoring cache
       Skipping cache restore (no previous cache)
-----> Building dependencies
       Installing node modules (package.json)
-----> Caching build
       Clearing previous node cache
       Saving 3 cacheDirectories (default):
       - .npm (nothing to cache)
       - .cache/yarn (nothing to cache)
       - bower_components (nothing to cache)
Exit status 0
Uploading droplet, build artifacts cache...
Uploading build artifacts cache...
Uploading droplet...
Uploaded build artifacts cache (278B)
Uploaded droplet (10M)
Successfully destroyed container
Uploading complete
Stopping instance 175256c7-bc5c-4bb1-b868-ebfb6ed48e68
Destroying container

1 of 1 instances running

App started


OK

App node was started using this command `node main.js`

Showing health and status for app node in org XXXXX-org / space development as XXXXXX@mail.com...
OK

requested state: started
instances: 1/1
usage: 128M x 1 instances
urls: node-illegitimate-furler.cfapps.io
last uploaded: Tue Nov 14 07:10:00 UTC 2017
stack: cflinuxfs2
buildpack: nodejs

     state     since                    cpu    memory          disk          details
#0   running   2017-11-14 12:40:27 PM   0.0%   11.8M of 128M   42.9M of 1G

D:\my-work\demo-apps\node>curl https://node-illegitimate-furler.cfapps.io
'curl' is not recognized as an internal or external command,
operable program or batch file.

D:\my-work\demo-apps\node>cf delete node

Really delete the app node?> yes
Deleting app node in org XXXXXX-org / space development as XXXXXX@mail.com...
OK


-------------

D:\my-work\articulate>cf push articulate -p ./articulate-0.0.1-SNAPSHOT.jar -m 1G --random-route --no-start

--log stream another cmd prompt
D:\my-work\articulate>cf logs articulate  

D:\my-work\articulate>cf start articulate

https://articulate-unsandalled-appenzell.cfapps.io/

D:\my-work\articulate>cf events articulate

$ cf logs articulate | findstr "API CELL"

another cmd prompt 
$ cf scale articulate -m 1G

$ cf scale articulate -i 2

$ cf app articulate

$ cf events articulate

$ cf scale articulate -i 1

$ cf app articulate

$ cf apps

D:\my-work\attendee-service>cf push attendee-service -p ./attendee-service-0.0.1-SNAPSHOT.jar -m 1G --random-route

$ cf marketplace

$ cf create-service cleardb spark attendee-mysql

$ cf bind-service attendee-service attendee-mysql

$ cf restart attendee-service

$ cf apps

https://attendee-service-catty-delubrum.cfapps.io/

$ cf env attendee-service

D:\my-work\attendee-service>cf create-user-provided-service attendee-service -p uri

uri> http://attendee-service-catty-delubrum.cfapps.io/attendees

only http in uri

$ cf bind-service articulate attendee-service

$ cf restart articulate

$ cf apps

add attendee from artuclate service tab

$ cf env articulate

$ cf buildpack

$ cf stacks

$ cf services

D:\my-work\attendee-service>cf create-app-manifest attendee-service -p ./manifest.yml

created manifest.yml
------
applications:
- name: attendee-service
  disk_quota: 1G
  instances: 1
  memory: 1G
  path: ./attendee-service-0.0.1-SNAPSHOT.jar
  routes:
  - route: attendee-service-catty-delubrum.cfapps.io
  services:
  - attendee-mysql
  stack: cflinuxfs2
-----

$ cf stop articulate

$ cf stop attendee-service

$ cf apps

$ cf security-groups

$ cf security-group public_networks

$ cf running-security-groups

$ cf bind-running-security-group SECURITY_GROUP

$ cf unbind-running-security-group SECURITY_GROUP



D:\my-work\attendee-service>cf push

$ cf restart articulate

$ cf restart attendee-service

$ cf apps

$ cf create-security-group SECURITY_GROUP PATH_TO_JSON_RULES_FILE

$ cf update-security-group SECURITY_GROUP PATH_TO_JSON_RULES_FILE

$ cf delete-security-group SECURITY_GROUP

$ cf staging-security-groups

$ cf bind-staging-security-group SECURITY_GROUP

$ cf unbind-staging-security-group SECURITY_GROUP

$ cf bind-security-group SECURITY_GROUP my-org my-space

$ cf unbind-security-group SECURITY_GROUP my-org my-space

--for log drain need to create account with papertrail

Create a Papertrail account, fill in your email and password (XXXXXX@mail.com, XXXXX#)
Browse to papertrailapp.com/systems/new
Select “I use Cloud Foundry”
“What should we call it?” give it a name - log-drain
Click “Save”
Take note of the url (logs2.papertrail.com:<some-port>)

D:\my-work\attendee-service>cf create-user-provided-service articulate-log-drain -l syslog://logs6.papertrailapp.com:30431

$ cf bind-service articulate articulate-log-drain

$ cf services

$ cf restage articulate

To view the logs in Papertrail do the following:
Click on “Dashboard”
Click on “log-drain”

--Blue-Green dployment strategy

$ cf stop attendee-service

$ cf routes

D:\my-work\articulate>cf push articulate-v2 -p ./articulate-0.0.1-SNAPSHOT.jar -m 1G -n articulate-heartsickening-elegance-tempppo --no-start

$ cf bind-service articulate-v2 attendee-service

$ cf restart articulate-v2

$ cf routes

space         host                                         domain      port   path   type   apps               service
development   node-illegitimate-furler                     cfapps.io
development   articulate-submicroscopic-parget             cfapps.io
development   articulate-unsandalled-appenzell             cfapps.io                        articulate
development   attendee-service-catty-delubrum              cfapps.io                        attendee-service
development   articulate-heartsickening-elegance-tempppo   cfapps.io                        articulate-v2

$ cf map-route articulate-v2 cfapps.io -n articulate-unsandalled-appenzell

$ cf apps

$ cf unmap-route articulate cfapps.io -n articulate-unsandalled-appenzell

$ cf unmap-route articulate-v2 cfapps.io -n articulate-heartsickening-elegance-tempppo

$ cf delete articulate

$ cf rename articulate-v2 articulate

$ cf restart articulate

$ cf start attendee-service


---app-autoscaler

$ cf scale articulate -i 1

$ cf marketplace

$ cf create-service app-autoscaler standard autoscaler

$ cf bind-service articulate autoscaler

$ cf restart articulate

$ cf apps

$ cf stop attendee-service

$ cf apps

View articulate in Apps Manager.

Navigate to the Services tab.
Click the Manage link for the autoscaler (this will open a new tab).
2) Turn on autoscaling for articulate.
We will use policy defaults. Note that the default policy for minimum instances is 2. 
3) Return to Apps Manager and observe the number of instances increase from 1 to 2.
Once load increase cpu utilization increase and new instace created as part scale app

$ cf apps

$ cf unbind-service articulate autoscaler

$ cf delete-service autoscaler

$ cf scale articulate -i 1

$ cf apps

$ cf restart articulate

$ cf start attendee-service

----application performance monitor

$ cf create-service newrelic standard newrelic

$ cf bind-service articulate newrelic

$ cf restage articulate

$ cf bind-service attendee-service newrelic

$ cf restage attendee-service

1) Refresh the articulate Service web page multiple times.
Optionally use the JMeter script from the Application Autoscaler lab.
2) Observe and explore the performance metrics in the New Relic console under the APM tab.
Pivotal Web Services users can access the New Relic console via the Manage link in Apps 

$ cf unbind-service articulate newrelic

$ cf unbind-service attendee-service newrelic

$ cf delete-service newrelic

------custom buildpack if u want to change any configuration

$ cf app articulate

D:\my-work\articulate>cf push articulate -p ./articulate-0.0.1-SNAPSHOT.jar -b https://github.com/cloudfoundry/java-buildpack.git

it build droplet with new open jdk version from github buildpack

if we want to run articulate on a specific version Java.(JBP_CONFIG_yml_file_name_from_config_buildback_github)
$ cf set-env articulate JBP_CONFIG_OPEN_JDK_JRE "{jre: { version: 1.8.0_45 }}"

$ cf restage articulate

$ cf env articulate

$ cf unset-env articulate JBP_CONFIG_OPEN_JDK_JRE

$ cf restage articulate

---metric - monitoring matrix for app

https://metrics.run.pivotal.io/
login and fetch the app and monitor, u can add ur own chart as well

---Continuous Delivery
install jdk, git and jenkins
configure the job for articulate with maven and cloud foundary plugins for CD

--custom Service Broker
import mysql-service-broker from lab folder in clipse or sts
rename manifest.yml to manifest.yml_bk build with maven 'mvn pacakge'

$ C:\mysql-service-broker>cf push skhan-sql-service-broker -p ./target/mysql-service-broker-0.0.1-SNAPSHOT.jar -m 1G

https://skhan-sql-service-broker.cfapps.io/v2/catalog
this handle by CatalogController.java from spring-service-broker.jar file

C:\mysql-service-broker>cf create-service-broker skhan-sql-service-broker siva siva https://skhan-sql-service-broker.cfapps.io/ --space-scoped

url is routing url and user name and pwd as per application.yml for spring security

$ cf marketplace

mphasismysql                  standard                                                                             A simple MySql service broker implementation

This details come from CatalogConfig.java

$ cf create-service mphasismysql standard sk-mysql-db

$ cf bind-service attendee-service sk-mysql-db

$ cf restage attendee-service

$ cf logout

logout from PWS and now starting local PCF login

---installing pcf dev  (virtaul box install and it's .ova file)

https://docs.pivotal.io/pcf-dev/import-ova.html

install VirtualBox-5.2.0-118431-Win.exe

install pcfdev-v0.26.0+PCF1.10.0-windows.exe

D:\>cf dev version
PCF Dev version 0.26.0 (CLI: 1eef0f1, OVA: 0.461.0)

D:\>cf dev import C:\Users\Administrator\Downloads\15-Nov-2017\pcfdev-v0.461.0.ova

D:\>set path=%path%;C:\Program Files\Oracle\VirtualBox;

$ set NO_PROXY = ".local.pcfdev.io,local.pcfdev.io"

https://docs.pivotal.io/pcf-dev/proxy.html

D:\>cf dev start

once it's started then u can login and push app on local

https://docs.pivotal.io/pcf-dev/usage.html

$ cf login -a https://api.local.pcfdev.io --skip-ssl-validation
Email: admin /user
Password: admin /pass


Email> admin
Password>
Authenticating...
OK
Select an org (or press enter to skip):
1. pcfdev-org
2. system
Org> 1
Targeted org pcfdev-org
Targeted space pcfdev-space

API endpoint:   https://api.local.pcfdev.io (API version: 2.75.0)
User:           admin
Org:            pcfdev-org
Space:          pcfdev-space

D:\my-work\articulate>cf push articulate -p ./articulate-0.0.1-SNAPSHOT.jar -m 1G --random-route --no-start

D:\my-work\articulate>cf start articulate

$ cf logs articulate
tail the logs

To check services loging on local PCF portal -
https://local.pcfdev.io
advanced->proceed
admin/admin

App-> click route url to see the app pages

D:\my-work\attendee-service>cf push attendee-service -p ./attendee-service-0.0.1-SNAPSHOT.jar -m 1G --random-route

$ cf marketplace

$ cf create-service p-mysql 512mb attendee-mysql

$ cf bind-service attendee-service attendee-mysql

$ cf restart attendee-service

$ cf apps

App-> click route url to see the app pages

D:\my-work\attendee-service>cf create-user-provided-service attendee-service -p uri

URI -> http://app-route/attendees
only http in uri

uri> http://attendee-service-acanthaceous-probang.local.pcfdev.io/attendees
Creating user provided service attendee-service in org pcfdev-org / space pcfdev-space as admin...
OK

$ cf bind-service articulate attendee-service

$ cf restart articulate

$ cf apps

add attendee from artuclate service tab

$ cf dev stop

$ cf dev destroy






